// Jest Snapshot v1, https://goo.gl/fbAQLP

exports[`It should render login component should render login 1`] = `ShallowWrapper {}`;
